MPLINK 5.09, LINKER
Linker Map File - Created Fri May 31 16:07:56 2019

                                 Section Info
                  Section       Type    Address   Location Size(Bytes)
                ---------  ---------  ---------  ---------  ---------
                   .org_0       code   0x000000    program   0x000002
                   .cinit    romdata   0x000001    program   0x000004
                   .org_1       code   0x000004    program   0x00020e
.config_2007_BUILD/DEFAULT/PRODUCTION/EJERCIC       code   0x002007    program   0x000002



                              Program Memory Usage 
                               Start         End      
                           ---------   ---------      
                            0x000000    0x000002      
                            0x000004    0x00010a      
                            0x002007    0x002007      
            267 out of 8455 program addresses used, program memory utilization is 3%



                              Symbols - Sorted by Name
                     Name    Address   Location    Storage File                     
                ---------  ---------  ---------  --------- ---------                
                    CICLO   0x000040    program     static C:\Users\Estudiante\Desktop\P2\practica2JL.X\ejercicio1.asm
                       DO   0x00008c    program     static C:\Users\Estudiante\Desktop\P2\practica2JL.X\ejercicio1.asm
                       FA   0x000098    program     static C:\Users\Estudiante\Desktop\P2\practica2JL.X\ejercicio1.asm
                 IMAGENES   0x000005    program     static C:\Users\Estudiante\Desktop\P2\practica2JL.X\ejercicio1.asm
                    INTER   0x000036    program     static C:\Users\Estudiante\Desktop\P2\practica2JL.X\ejercicio1.asm
                    INTRB   0x00003b    program     static C:\Users\Estudiante\Desktop\P2\practica2JL.X\ejercicio1.asm
                  INTTMR0   0x000042    program     static C:\Users\Estudiante\Desktop\P2\practica2JL.X\ejercicio1.asm
                       LA   0x0000a0    program     static C:\Users\Estudiante\Desktop\P2\practica2JL.X\ejercicio1.asm
                     LOOP   0x000067    program     static C:\Users\Estudiante\Desktop\P2\practica2JL.X\ejercicio1.asm
                     MAIN   0x00004d    program     static C:\Users\Estudiante\Desktop\P2\practica2JL.X\ejercicio1.asm
                       MI   0x000094    program     static C:\Users\Estudiante\Desktop\P2\practica2JL.X\ejercicio1.asm
                     MOV1   0x0000ac    program     static C:\Users\Estudiante\Desktop\P2\practica2JL.X\ejercicio1.asm
                   MOV1_1   0x0000ae    program     static C:\Users\Estudiante\Desktop\P2\practica2JL.X\ejercicio1.asm
                   MOV1_2   0x0000c5    program     static C:\Users\Estudiante\Desktop\P2\practica2JL.X\ejercicio1.asm
                     MOV4   0x0000d9    program     static C:\Users\Estudiante\Desktop\P2\practica2JL.X\ejercicio1.asm
                   MOV4_1   0x0000dd    program     static C:\Users\Estudiante\Desktop\P2\practica2JL.X\ejercicio1.asm
                   MUSIC1   0x0000f8    program     static C:\Users\Estudiante\Desktop\P2\practica2JL.X\ejercicio1.asm
                       RE   0x000090    program     static C:\Users\Estudiante\Desktop\P2\practica2JL.X\ejercicio1.asm
                       SI   0x0000a4    program     static C:\Users\Estudiante\Desktop\P2\practica2JL.X\ejercicio1.asm
                      SOL   0x00009c    program     static C:\Users\Estudiante\Desktop\P2\practica2JL.X\ejercicio1.asm
             _.org_1_0083   0x000083    program     static C:\Users\Estudiante\Desktop\P2\practica2JL.X\ejercicio1.asm
             _.org_1_0085   0x000085    program     static C:\Users\Estudiante\Desktop\P2\practica2JL.X\ejercicio1.asm
             _.org_1_0088   0x000088    program     static C:\Users\Estudiante\Desktop\P2\practica2JL.X\ejercicio1.asm
             _.org_1_0089   0x000089    program     static C:\Users\Estudiante\Desktop\P2\practica2JL.X\ejercicio1.asm
             _.org_1_008A   0x00008a    program     static C:\Users\Estudiante\Desktop\P2\practica2JL.X\ejercicio1.asm
                 delay1ms   0x000076    program     static C:\Users\Estudiante\Desktop\P2\practica2JL.X\ejercicio1.asm
                delay1seg   0x00007c    program     static C:\Users\Estudiante\Desktop\P2\practica2JL.X\ejercicio1.asm
             delay_1seg_0   0x000082    program     static C:\Users\Estudiante\Desktop\P2\practica2JL.X\ejercicio1.asm
                       do   0x0000a8    program     static C:\Users\Estudiante\Desktop\P2\practica2JL.X\ejercicio1.asm
                   hacer0   0x000049    program     static C:\Users\Estudiante\Desktop\P2\practica2JL.X\ejercicio1.asm
                  loop1ms   0x000078    program     static C:\Users\Estudiante\Desktop\P2\practica2JL.X\ejercicio1.asm



                              Symbols - Sorted by Address
                     Name    Address   Location    Storage File                     
                ---------  ---------  ---------  --------- ---------                
                 IMAGENES   0x000005    program     static C:\Users\Estudiante\Desktop\P2\practica2JL.X\ejercicio1.asm
                    INTER   0x000036    program     static C:\Users\Estudiante\Desktop\P2\practica2JL.X\ejercicio1.asm
                    INTRB   0x00003b    program     static C:\Users\Estudiante\Desktop\P2\practica2JL.X\ejercicio1.asm
                    CICLO   0x000040    program     static C:\Users\Estudiante\Desktop\P2\practica2JL.X\ejercicio1.asm
                  INTTMR0   0x000042    program     static C:\Users\Estudiante\Desktop\P2\practica2JL.X\ejercicio1.asm
                   hacer0   0x000049    program     static C:\Users\Estudiante\Desktop\P2\practica2JL.X\ejercicio1.asm
                     MAIN   0x00004d    program     static C:\Users\Estudiante\Desktop\P2\practica2JL.X\ejercicio1.asm
                     LOOP   0x000067    program     static C:\Users\Estudiante\Desktop\P2\practica2JL.X\ejercicio1.asm
                 delay1ms   0x000076    program     static C:\Users\Estudiante\Desktop\P2\practica2JL.X\ejercicio1.asm
                  loop1ms   0x000078    program     static C:\Users\Estudiante\Desktop\P2\practica2JL.X\ejercicio1.asm
                delay1seg   0x00007c    program     static C:\Users\Estudiante\Desktop\P2\practica2JL.X\ejercicio1.asm
             delay_1seg_0   0x000082    program     static C:\Users\Estudiante\Desktop\P2\practica2JL.X\ejercicio1.asm
             _.org_1_0083   0x000083    program     static C:\Users\Estudiante\Desktop\P2\practica2JL.X\ejercicio1.asm
             _.org_1_0085   0x000085    program     static C:\Users\Estudiante\Desktop\P2\practica2JL.X\ejercicio1.asm
             _.org_1_0088   0x000088    program     static C:\Users\Estudiante\Desktop\P2\practica2JL.X\ejercicio1.asm
             _.org_1_0089   0x000089    program     static C:\Users\Estudiante\Desktop\P2\practica2JL.X\ejercicio1.asm
             _.org_1_008A   0x00008a    program     static C:\Users\Estudiante\Desktop\P2\practica2JL.X\ejercicio1.asm
                       DO   0x00008c    program     static C:\Users\Estudiante\Desktop\P2\practica2JL.X\ejercicio1.asm
                       RE   0x000090    program     static C:\Users\Estudiante\Desktop\P2\practica2JL.X\ejercicio1.asm
                       MI   0x000094    program     static C:\Users\Estudiante\Desktop\P2\practica2JL.X\ejercicio1.asm
                       FA   0x000098    program     static C:\Users\Estudiante\Desktop\P2\practica2JL.X\ejercicio1.asm
                      SOL   0x00009c    program     static C:\Users\Estudiante\Desktop\P2\practica2JL.X\ejercicio1.asm
                       LA   0x0000a0    program     static C:\Users\Estudiante\Desktop\P2\practica2JL.X\ejercicio1.asm
                       SI   0x0000a4    program     static C:\Users\Estudiante\Desktop\P2\practica2JL.X\ejercicio1.asm
                       do   0x0000a8    program     static C:\Users\Estudiante\Desktop\P2\practica2JL.X\ejercicio1.asm
                     MOV1   0x0000ac    program     static C:\Users\Estudiante\Desktop\P2\practica2JL.X\ejercicio1.asm
                   MOV1_1   0x0000ae    program     static C:\Users\Estudiante\Desktop\P2\practica2JL.X\ejercicio1.asm
                   MOV1_2   0x0000c5    program     static C:\Users\Estudiante\Desktop\P2\practica2JL.X\ejercicio1.asm
                     MOV4   0x0000d9    program     static C:\Users\Estudiante\Desktop\P2\practica2JL.X\ejercicio1.asm
                   MOV4_1   0x0000dd    program     static C:\Users\Estudiante\Desktop\P2\practica2JL.X\ejercicio1.asm
                   MUSIC1   0x0000f8    program     static C:\Users\Estudiante\Desktop\P2\practica2JL.X\ejercicio1.asm


